###############################################################################
#
# IAR ELF Linker V9.10.2.313/W64 for ARM                  26/Jul/2021  20:48:55
# Copyright 2007-2021 IAR Systems AB.
#
#    Output file  =
#        D:\jmoro\Desktop\Pessoal\1. Faculdade\ADNPs\2021.1\Sistemas
#        Microcontrolados\GitHub\Projects\Exerc_20\Debug\Exe\Exerc_20.out
#    Map file     =
#        D:\jmoro\Desktop\Pessoal\1. Faculdade\ADNPs\2021.1\Sistemas
#        Microcontrolados\GitHub\Projects\Exerc_20\Debug\List\Exerc_20.map
#    Command line =
#        -f "D:\jmoro\Desktop\Pessoal\1. Faculdade\ADNPs\2021.1\Sistemas
#        Microcontrolados\GitHub\Projects\Exerc_20\Debug\Exe\Exerc_20.out.rsp"
#        ("D:\jmoro\Desktop\Pessoal\1. Faculdade\ADNPs\2021.1\Sistemas
#        Microcontrolados\GitHub\Projects\Exerc_20\Debug\Obj\asm.o"
#        --no_out_extension -o "D:\jmoro\Desktop\Pessoal\1.
#        Faculdade\ADNPs\2021.1\Sistemas
#        Microcontrolados\GitHub\Projects\Exerc_20\Debug\Exe\Exerc_20.out"
#        --redirect _Printf=_PrintfFullNoMb --redirect _Scanf=_ScanfFullNoMb
#        --map "D:\jmoro\Desktop\Pessoal\1. Faculdade\ADNPs\2021.1\Sistemas
#        Microcontrolados\GitHub\Projects\Exerc_20\Debug\List\Exerc_20.map"
#        --config "D:\Program Files\IAR Systems\Embedded Workbench
#        9.0\arm\CONFIG\generic_cortex.icf" --semihosting --no_library_search
#        --entry __iar_program_start --vfe --text_out locale)
#
###############################################################################

*******************************************************************************
*** MESSAGES
***

Error[Li005]: no definition for "__vector_table" [referenced from
          D:\jmoro\Desktop\Pessoal\1. Faculdade\ADNPs\2021.1\Sistemas
          Microcontrolados\GitHub\Projects\Exerc_20\Debug\Obj\asm.o]


*******************************************************************************
*** PLACEMENT SUMMARY
***

"P1":  place in [from 0x0 to 0x7'ffff] { ro };

No sections matched the following patterns:

  ro section .intvec  in "A0"
  rw                  in "P2"


  Section  Kind     Address   Size  Object
  -------  ----     -------   ----  ------
"P1":                        0x1e8
  .text    ro code      0x0  0x1e8  asm.o [1]
                    - 0x1e8  0x1e8

Unused ranges:

   From        To      Size
   ----        --      ----
  0x1e8  0x7'ffff  0x7'fe18



*******************************************************************************
*** MODULE SUMMARY
***

    Module        ro code
    ------        -------
command line/config:
    ---------------------
    Total:

D:\jmoro\Desktop\Pessoal\1. Faculdade\ADNPs\2021.1\Sistemas Microcontrolados\GitHub\Projects\Exerc_20\Debug\Obj: [1]
    asm.o             488
    ---------------------
    Total:            488

-------------------------
    Grand Total:      488


*******************************************************************************
*** ENTRY LIST
***

Entry                Address  Size  Type      Object
-----                -------  ----  ----      ------
GPIOJ_Handler            0x1        Code  Gb  asm.o [1]
__iar_program_start     0x21        Code  Gb  asm.o [1]


[1] = D:\jmoro\Desktop\Pessoal\1. Faculdade\ADNPs\2021.1\Sistemas Microcontrolados\GitHub\Projects\Exerc_20\Debug\Obj

  488 bytes of readonly  code memory

Errors: 1
Warnings: none
