###############################################################################
#
# IAR ELF Linker V9.10.2.313/W64 for ARM                  22/Jul/2021  20:42:08
# Copyright 2007-2021 IAR Systems AB.
#
#    Output file  =
#        D:\jmoro\Desktop\Pessoal\1. Faculdade\ADNPs\2021.1\Sistemas
#        Microcontrolados\GitHub\Projects\Exerc_17\Debug\Exe\Exerc_17.out
#    Map file     =
#        D:\jmoro\Desktop\Pessoal\1. Faculdade\ADNPs\2021.1\Sistemas
#        Microcontrolados\GitHub\Projects\Exerc_17\Debug\List\Exerc_17.map
#    Command line =
#        -f "D:\jmoro\Desktop\Pessoal\1. Faculdade\ADNPs\2021.1\Sistemas
#        Microcontrolados\GitHub\Projects\Exerc_17\Debug\Exe\Exerc_17.out.rsp"
#        ("D:\jmoro\Desktop\Pessoal\1. Faculdade\ADNPs\2021.1\Sistemas
#        Microcontrolados\GitHub\Projects\Exerc_17\Debug\Obj\asm.o"
#        --no_out_extension -o "D:\jmoro\Desktop\Pessoal\1.
#        Faculdade\ADNPs\2021.1\Sistemas
#        Microcontrolados\GitHub\Projects\Exerc_17\Debug\Exe\Exerc_17.out"
#        --redirect _Printf=_PrintfFullNoMb --redirect _Scanf=_ScanfFullNoMb
#        --map "D:\jmoro\Desktop\Pessoal\1. Faculdade\ADNPs\2021.1\Sistemas
#        Microcontrolados\GitHub\Projects\Exerc_17\Debug\List\Exerc_17.map"
#        --config "D:\Program Files\IAR Systems\Embedded Workbench
#        9.0\arm\CONFIG\generic_cortex.icf" --semihosting --no_library_search
#        --entry __iar_program_start --vfe --text_out locale)
#
###############################################################################

*******************************************************************************
*** PLACEMENT SUMMARY
***

"A0":  place at address 0x0 { ro section .intvec };
"P1":  place in [from 0x0 to 0x7'ffff] { ro };
define block CSTACK with size = 1K, alignment = 8 { };
define block PROC_STACK with size = 0, alignment = 8 { };
define block HEAP with size = 2K, alignment = 8 { };
"P2":  place in [from 0x2000'0000 to 0x2000'ffff] {
          rw, block CSTACK, block PROC_STACK, block HEAP };

No sections matched the following patterns:

  rw  in "P2"


  Section   Kind         Address   Size  Object
  -------   ----         -------   ----  ------
"A0":                              0x40
  .intvec   ro code          0x0   0x40  asm.o [1]
                          - 0x40   0x40

"P1":                              0xde
  .text     ro code         0x40   0xdc  asm.o [1]
  .text     ro code        0x11c    0x2  asm.o [1]
                         - 0x11e   0xde

"P2":                             0x400
  CSTACK             0x2000'0000  0x400  <Block>
    CSTACK  uninit   0x2000'0000  0x400  <Block tail>
                   - 0x2000'0400  0x400

Unused ranges:

         From           To      Size
         ----           --      ----
        0x11e     0x7'ffff  0x7'fee2
  0x2000'0400  0x2000'ffff    0xfc00



*******************************************************************************
*** MODULE SUMMARY
***

    Module          ro code  rw data
    ------          -------  -------
command line/config:
    --------------------------------
    Total:

D:\jmoro\Desktop\Pessoal\1. Faculdade\ADNPs\2021.1\Sistemas Microcontrolados\GitHub\Projects\Exerc_17\Debug\Obj: [1]
    asm.o               286
    --------------------------------
    Total:              286

    Linker created             1'024
------------------------------------
    Grand Total:        286    1'024


*******************************************************************************
*** ENTRY LIST
***

Entry                    Address  Size  Type      Object
-----                    -------  ----  ----      ------
CSTACK$$Base         0x2000'0000         --   Gb  - Linker created -
CSTACK$$Limit        0x2000'0400         --   Gb  - Linker created -
__iar_program_start         0x41        Code  Gb  asm.o [1]
__vector_table               0x0        Data  Gb  asm.o [1]


[1] = D:\jmoro\Desktop\Pessoal\1. Faculdade\ADNPs\2021.1\Sistemas Microcontrolados\GitHub\Projects\Exerc_17\Debug\Obj

    286 bytes of readonly  code memory
  1'024 bytes of readwrite data memory

Errors: none
Warnings: none
